../Core/Src/main.c:95:6:write_io	24	static
../Core/Src/main.c:99:5:read_io	16	static
../Core/Src/main.c:103:6:print	32	static
../Core/Src/main.c:130:5:main	216	static
../Core/Src/main.c:262:6:SystemClock_Config	160	static
../Core/Src/main.c:332:13:MX_I2C1_Init	8	static
../Core/Src/main.c:380:13:MX_ICACHE_Init	8	static
../Core/Src/main.c:412:13:MX_USB_OTG_FS_PCD_Init	8	static
../Core/Src/main.c:455:13:MX_GPIO_Init	48	static
../Core/Src/main.c:517:6:SystemClock_ConfigUSB	160	static
../Core/Src/main.c:580:6:Error_Handler	4	static,ignoring_inline_asm
