../Core/Src/main.c:107:6:write_io	1
../Core/Src/main.c:111:5:read_io	1
../Core/Src/main.c:115:6:print	4
../Core/Src/main.c:138:5:current_ua	1
../Core/Src/main.c:142:5:current_ma	1
../Core/Src/main.c:146:5:voltage_mv	1
../Core/Src/main.c:160:5:main	22
../Core/Src/main.c:338:6:SystemClock_Config	4
../Core/Src/main.c:408:13:MX_I2C1_Init	4
../Core/Src/main.c:456:13:MX_I2C2_Init	4
../Core/Src/main.c:504:13:MX_ICACHE_Init	3
../Core/Src/main.c:536:13:MX_USB_OTG_FS_PCD_Init	2
../Core/Src/main.c:579:13:MX_GPIO_Init	1
../Core/Src/main.c:651:6:SystemClock_ConfigUSB	4
../Core/Src/main.c:714:6:Error_Handler	1
