../Core/Src/main.c:97:6:write_io	24	static
../Core/Src/main.c:101:5:read_io	16	static
../Core/Src/main.c:105:6:print	32	static
../Core/Src/main.c:122:5:current_ua	8	static
../Core/Src/main.c:126:5:current_ma	8	static
../Core/Src/main.c:140:5:main	232	static
../Core/Src/main.c:275:6:SystemClock_Config	160	static
../Core/Src/main.c:345:13:MX_I2C1_Init	8	static
../Core/Src/main.c:393:13:MX_ICACHE_Init	8	static
../Core/Src/main.c:425:13:MX_USB_OTG_FS_PCD_Init	8	static
../Core/Src/main.c:468:13:MX_GPIO_Init	48	static
../Core/Src/main.c:533:6:SystemClock_ConfigUSB	160	static
../Core/Src/main.c:596:6:Error_Handler	4	static,ignoring_inline_asm
