../Core/Src/main.c:97:6:write_io	1
../Core/Src/main.c:101:5:read_io	1
../Core/Src/main.c:105:6:print	4
../Core/Src/main.c:122:5:current_ua	1
../Core/Src/main.c:126:5:current_ma	1
../Core/Src/main.c:140:5:main	16
../Core/Src/main.c:273:6:SystemClock_Config	4
../Core/Src/main.c:343:13:MX_I2C1_Init	4
../Core/Src/main.c:391:13:MX_ICACHE_Init	3
../Core/Src/main.c:423:13:MX_USB_OTG_FS_PCD_Init	2
../Core/Src/main.c:466:13:MX_GPIO_Init	1
../Core/Src/main.c:531:6:SystemClock_ConfigUSB	4
../Core/Src/main.c:594:6:Error_Handler	1
