Archive member included to satisfy reference by file (symbol)

C:/ST/STM32CubeIDE_2.0.0/STM32CubeIDE/plugins/com.st.stm32cube.ide.mcu.externaltools.gnu-tools-for-stm32.14.3.rel1.win32_1.0.100.202602081740/tools/bin/../lib/gcc/arm-none-eabi/14.3.1/../../../../arm-none-eabi/lib/thumb/v8-m.main+fp/hard\libc_nano.a(libc_a-exit.o)
                              C:/ST/STM32CubeIDE_2.0.0/STM32CubeIDE/plugins/com.st.stm32cube.ide.mcu.externaltools.gnu-tools-for-stm32.14.3.rel1.win32_1.0.100.202602081740/tools/bin/../lib/gcc/arm-none-eabi/14.3.1/../../../../arm-none-eabi/lib/thumb/v8-m.main+fp/hard/crt0.o (exit)
C:/ST/STM32CubeIDE_2.0.0/STM32CubeIDE/plugins/com.st.stm32cube.ide.mcu.externaltools.gnu-tools-for-stm32.14.3.rel1.win32_1.0.100.202602081740/tools/bin/../lib/gcc/arm-none-eabi/14.3.1/../../../../arm-none-eabi/lib/thumb/v8-m.main+fp/hard\libc_nano.a(libc_a-findfp.o)
                              C:/ST/STM32CubeIDE_2.0.0/STM32CubeIDE/plugins/com.st.stm32cube.ide.mcu.externaltools.gnu-tools-for-stm32.14.3.rel1.win32_1.0.100.202602081740/tools/bin/../lib/gcc/arm-none-eabi/14.3.1/../../../../arm-none-eabi/lib/thumb/v8-m.main+fp/hard\libc_nano.a(libc_a-exit.o) (__stdio_exit_handler)
C:/ST/STM32CubeIDE_2.0.0/STM32CubeIDE/plugins/com.st.stm32cube.ide.mcu.externaltools.gnu-tools-for-stm32.14.3.rel1.win32_1.0.100.202602081740/tools/bin/../lib/gcc/arm-none-eabi/14.3.1/../../../../arm-none-eabi/lib/thumb/v8-m.main+fp/hard\libc_nano.a(libc_a-fwalk.o)
                              C:/ST/STM32CubeIDE_2.0.0/STM32CubeIDE/plugins/com.st.stm32cube.ide.mcu.externaltools.gnu-tools-for-stm32.14.3.rel1.win32_1.0.100.202602081740/tools/bin/../lib/gcc/arm-none-eabi/14.3.1/../../../../arm-none-eabi/lib/thumb/v8-m.main+fp/hard\libc_nano.a(libc_a-findfp.o) (_fwalk_sglue)
C:/ST/STM32CubeIDE_2.0.0/STM32CubeIDE/plugins/com.st.stm32cube.ide.mcu.externaltools.gnu-tools-for-stm32.14.3.rel1.win32_1.0.100.202602081740/tools/bin/../lib/gcc/arm-none-eabi/14.3.1/../../../../arm-none-eabi/lib/thumb/v8-m.main+fp/hard\libc_nano.a(libc_a-stdio.o)
                              C:/ST/STM32CubeIDE_2.0.0/STM32CubeIDE/plugins/com.st.stm32cube.ide.mcu.externaltools.gnu-tools-for-stm32.14.3.rel1.win32_1.0.100.202602081740/tools/bin/../lib/gcc/arm-none-eabi/14.3.1/../../../../arm-none-eabi/lib/thumb/v8-m.main+fp/hard\libc_nano.a(libc_a-findfp.o) (__sread)
C:/ST/STM32CubeIDE_2.0.0/STM32CubeIDE/plugins/com.st.stm32cube.ide.mcu.externaltools.gnu-tools-for-stm32.14.3.rel1.win32_1.0.100.202602081740/tools/bin/../lib/gcc/arm-none-eabi/14.3.1/../../../../arm-none-eabi/lib/thumb/v8-m.main+fp/hard\libc_nano.a(libc_a-memset.o)
                              C:/ST/STM32CubeIDE_2.0.0/STM32CubeIDE/plugins/com.st.stm32cube.ide.mcu.externaltools.gnu-tools-for-stm32.14.3.rel1.win32_1.0.100.202602081740/tools/bin/../lib/gcc/arm-none-eabi/14.3.1/../../../../arm-none-eabi/lib/thumb/v8-m.main+fp/hard/crt0.o (memset)
C:/ST/STM32CubeIDE_2.0.0/STM32CubeIDE/plugins/com.st.stm32cube.ide.mcu.externaltools.gnu-tools-for-stm32.14.3.rel1.win32_1.0.100.202602081740/tools/bin/../lib/gcc/arm-none-eabi/14.3.1/../../../../arm-none-eabi/lib/thumb/v8-m.main+fp/hard\libc_nano.a(libc_a-closer.o)
                              C:/ST/STM32CubeIDE_2.0.0/STM32CubeIDE/plugins/com.st.stm32cube.ide.mcu.externaltools.gnu-tools-for-stm32.14.3.rel1.win32_1.0.100.202602081740/tools/bin/../lib/gcc/arm-none-eabi/14.3.1/../../../../arm-none-eabi/lib/thumb/v8-m.main+fp/hard\libc_nano.a(libc_a-stdio.o) (_close_r)
C:/ST/STM32CubeIDE_2.0.0/STM32CubeIDE/plugins/com.st.stm32cube.ide.mcu.externaltools.gnu-tools-for-stm32.14.3.rel1.win32_1.0.100.202602081740/tools/bin/../lib/gcc/arm-none-eabi/14.3.1/../../../../arm-none-eabi/lib/thumb/v8-m.main+fp/hard\libc_nano.a(libc_a-reent.o)
                              C:/ST/STM32CubeIDE_2.0.0/STM32CubeIDE/plugins/com.st.stm32cube.ide.mcu.externaltools.gnu-tools-for-stm32.14.3.rel1.win32_1.0.100.202602081740/tools/bin/../lib/gcc/arm-none-eabi/14.3.1/../../../../arm-none-eabi/lib/thumb/v8-m.main+fp/hard\libc_nano.a(libc_a-closer.o) (errno)
C:/ST/STM32CubeIDE_2.0.0/STM32CubeIDE/plugins/com.st.stm32cube.ide.mcu.externaltools.gnu-tools-for-stm32.14.3.rel1.win32_1.0.100.202602081740/tools/bin/../lib/gcc/arm-none-eabi/14.3.1/../../../../arm-none-eabi/lib/thumb/v8-m.main+fp/hard\libc_nano.a(libc_a-impure.o)
                              C:/ST/STM32CubeIDE_2.0.0/STM32CubeIDE/plugins/com.st.stm32cube.ide.mcu.externaltools.gnu-tools-for-stm32.14.3.rel1.win32_1.0.100.202602081740/tools/bin/../lib/gcc/arm-none-eabi/14.3.1/../../../../arm-none-eabi/lib/thumb/v8-m.main+fp/hard\libc_nano.a(libc_a-reent.o) (_impure_ptr)
C:/ST/STM32CubeIDE_2.0.0/STM32CubeIDE/plugins/com.st.stm32cube.ide.mcu.externaltools.gnu-tools-for-stm32.14.3.rel1.win32_1.0.100.202602081740/tools/bin/../lib/gcc/arm-none-eabi/14.3.1/../../../../arm-none-eabi/lib/thumb/v8-m.main+fp/hard\libc_nano.a(libc_a-lseekr.o)
[...]
Memory Configuration

Name             Origin             Length             Attributes
RAM              0x20000000         0x000c0000         xrw
SRAM4            0x28000000         0x00004000         xrw
FLASH            0x08000000         0x00100000         xr
*default*        0x00000000         0xffffffff

Linker script and memory map

LOAD C:/ST/STM32CubeIDE_2.0.0/STM32CubeIDE/plugins/com.st.stm32cube.ide.mcu.externaltools.gnu-tools-for-stm32.14.3.rel1.win32_1.0.100.202602081740/tools/bin/../lib/gcc/arm-none-eabi/14.3.1/thumb/v8-m.main+fp/hard/crti.o
LOAD C:/ST/STM32CubeIDE_2.0.0/STM32CubeIDE/plugins/com.st.stm32cube.ide.mcu.externaltools.gnu-tools-for-stm32.14.3.rel1.win32_1.0.100.202602081740/tools/bin/../lib/gcc/arm-none-eabi/14.3.1/thumb/v8-m.main+fp/hard/crtbegin.o
LOAD C:/ST/STM32CubeIDE_2.0.0/STM32CubeIDE/plugins/com.st.stm32cube.ide.mcu.externaltools.gnu-tools-for-stm32.14.3.rel1.win32_1.0.100.202602081740/tools/bin/../lib/gcc/arm-none-eabi/14.3.1/../../../../arm-none-eabi/lib/thumb/v8-m.main+fp/hard/crt0.o
LOAD ./Core/Src/main.o
LOAD ./Core/Src/stm32u5xx_hal_msp.o
LOAD ./Core/Src/stm32u5xx_it.o
LOAD ./Core/Src/syscalls.o
LOAD ./Core/Src/sysmem.o
LOAD ./Core/Src/system_stm32u5xx.o
LOAD ./Core/Startup/startup_stm32u575vgtx.o
LOAD ./Drivers/STM32U5xx_HAL_Driver/Src/stm32u5xx_hal.o
LOAD ./Drivers/STM32U5xx_HAL_Driver/Src/stm32u5xx_hal_cortex.o
LOAD ./Drivers/STM32U5xx_HAL_Driver/Src/stm32u5xx_hal_dma.o
LOAD ./Drivers/STM32U5xx_HAL_Driver/Src/stm32u5xx_hal_dma_ex.o
LOAD ./Drivers/STM32U5xx_HAL_Driver/Src/stm32u5xx_hal_exti.o
LOAD ./Drivers/STM32U5xx_HAL_Driver/Src/stm32u5xx_hal_flash.o
LOAD ./Drivers/STM32U5xx_HAL_Driver/Src/stm32u5xx_hal_flash_ex.o
LOAD ./Drivers/STM32U5xx_HAL_Driver/Src/stm32u5xx_hal_gpio.o
LOAD ./Drivers/STM32U5xx_HAL_Driver/Src/stm32u5xx_hal_gtzc.o
LOAD ./Drivers/STM32U5xx_HAL_Driver/Src/stm32u5xx_hal_i2c.o
LOAD ./Drivers/STM32U5xx_HAL_Driver/Src/stm32u5xx_hal_i2c_ex.o
LOAD ./Drivers/STM32U5xx_HAL_Driver/Src/stm32u5xx_hal_icache.o
LOAD ./Drivers/STM32U5xx_HAL_Driver/Src/stm32u5xx_hal_pwr.o
LOAD ./Drivers/STM32U5xx_HAL_Driver/Src/stm32u5xx_hal_pwr_ex.o
LOAD ./Drivers/STM32U5xx_HAL_Driver/Src/stm32u5xx_hal_rcc.o
LOAD ./Drivers/STM32U5xx_HAL_Driver/Src/stm32u5xx_hal_rcc_ex.o
LOAD ./Middlewares/ST/usbx/common/core/src/ux_system_error_handler.o
LOAD ./Middlewares/ST/usbx/common/core/src/ux_system_initialize.o
LOAD ./Middlewares/ST/usbx/common/core/src/ux_system_tasks_run.o
LOAD ./Middlewares/ST/usbx/common/core/src/ux_system_uninitialize.o
LOAD ./Middlewares/ST/usbx/common/core/src/ux_utility_debug_callback_register.o
LOAD ./Middlewares/ST/usbx/common/core/src/ux_utility_debug_log.o
LOAD ./Middlewares/ST/usbx/common/core/src/ux_utility_delay_ms.o
LOAD ./Middlewares/ST/usbx/common/core/src/ux_utility_descriptor_pack.o
LOAD ./Middlewares/ST/usbx/common/core/src/ux_utility_descriptor_parse.o
LOAD ./Middlewares/ST/usbx/common/core/src/ux_utility_error_callback_register.o
LOAD ./Middlewares/ST/usbx/common/core/src/ux_utility_long_get.o
LOAD ./Middlewares/ST/usbx/common/core/src/ux_utility_long_get_big_endian.o
LOAD ./Middlewares/ST/usbx/common/core/src/ux_utility_long_put.o
LOAD ./Middlewares/ST/usbx/common/core/src/ux_utility_long_put_big_endian.o
LOAD ./Middlewares/ST/usbx/common/core/src/ux_utility_memory_allocate.o
LOAD ./Middlewares/ST/usbx/common/core/src/ux_utility_memory_allocate_add_safe.o
LOAD ./Middlewares/ST/usbx/common/core/src/ux_utility_memory_allocate_mulc_safe.o
LOAD ./Middlewares/ST/usbx/common/core/src/ux_utility_memory_allocate_mulv_safe.o
LOAD ./Middlewares/ST/usbx/common/core/src/ux_utility_memory_byte_pool_create.o
LOAD ./Middlewares/ST/usbx/common/core/src/ux_utility_memory_byte_pool_search.o
LOAD ./Middlewares/ST/usbx/common/core/src/ux_utility_memory_compare.o
LOAD ./Middlewares/ST/usbx/common/core/src/ux_utility_memory_copy.o
LOAD ./Middlewares/ST/usbx/common/core/src/ux_utility_memory_free.o
LOAD ./Middlewares/ST/usbx/common/core/src/ux_utility_memory_set.o
LOAD ./Middlewares/ST/usbx/common/core/src/ux_utility_physical_address.o
LOAD ./Middlewares/ST/usbx/common/core/src/ux_utility_set_interrupt_handler.o
LOAD ./Middlewares/ST/usbx/common/core/src/ux_utility_short_get.o
LOAD ./Middlewares/ST/usbx/common/core/src/ux_utility_short_get_big_endian.o
LOAD ./Middlewares/ST/usbx/common/core/src/ux_utility_short_put.o
LOAD ./Middlewares/ST/usbx/common/core/src/ux_utility_short_put_big_endian.o
LOAD ./Middlewares/ST/usbx/common/core/src/ux_utility_string_length_check.o
LOAD ./Middlewares/ST/usbx/common/core/src/ux_utility_string_length_get.o
LOAD ./Middlewares/ST/usbx/common/core/src/ux_utility_string_to_unicode.o
LOAD ./Middlewares/ST/usbx/common/core/src/ux_utility_unicode_to_string.o
LOAD ./Middlewares/ST/usbx/common/core/src/ux_utility_virtual_address.o
START GROUP
LOAD C:/ST/STM32CubeIDE_2.0.0/STM32CubeIDE/plugins/com.st.stm32cube.ide.mcu.externaltools.gnu-tools-for-stm32.14.3.rel1.win32_1.0.100.202602081740/tools/bin/../lib/gcc/arm-none-eabi/14.3.1/../../../../arm-none-eabi/lib/thumb/v8-m.main+fp/hard\libc_nano.a
LOAD C:/ST/STM32CubeIDE_2.0.0/STM32CubeIDE/plugins/com.st.stm32cube.ide.mcu.externaltools.gnu-tools-for-stm32.14.3.rel1.win32_1.0.100.202602081740/tools/bin/../lib/gcc/arm-none-eabi/14.3.1/../../../../arm-none-eabi/lib/thumb/v8-m.main+fp/hard\libm.a
END GROUP
START GROUP
LOAD C:/ST/STM32CubeIDE_2.0.0/STM32CubeIDE/plugins/com.st.stm32cube.ide.mcu.externaltools.gnu-tools-for-stm32.14.3.rel1.win32_1.0.100.202602081740/tools/bin/../lib/gcc/arm-none-eabi/14.3.1/thumb/v8-m.main+fp/hard\libgcc.a
LOAD C:/ST/STM32CubeIDE_2.0.0/STM32CubeIDE/plugins/com.st.stm32cube.ide.mcu.externaltools.gnu-tools-for-stm32.14.3.rel1.win32_1.0.100.202602081740/tools/bin/../lib/gcc/arm-none-eabi/14.3.1/../../../../arm-none-eabi/lib/thumb/v8-m.main+fp/hard\libc_nano.a
END GROUP
START GROUP
LOAD C:/ST/STM32CubeIDE_2.0.0/STM32CubeIDE/plugins/com.st.stm32cube.ide.mcu.externaltools.gnu-tools-for-stm32.14.3.rel1.win32_1.0.100.202602081740/tools/bin/../lib/gcc/arm-none-eabi/14.3.1/thumb/v8-m.main+fp/hard\libgcc.a
LOAD C:/ST/STM32CubeIDE_2.0.0/STM32CubeIDE/plugins/com.st.stm32cube.ide.mcu.externaltools.gnu-tools-for-stm32.14.3.rel1.win32_1.0.100.202602081740/tools/bin/../lib/gcc/arm-none-eabi/14.3.1/../../../../arm-none-eabi/lib/thumb/v8-m.main+fp/hard\libc_nano.a
LOAD C:/ST/STM32CubeIDE_2.0.0/STM32CubeIDE/plugins/com.st.stm32cube.ide.mcu.externaltools.gnu-tools-for-stm32.14.3.rel1.win32_1.0.100.202602081740/tools/bin/../lib/gcc/arm-none-eabi/14.3.1/../../../../arm-none-eabi/lib/thumb/v8-m.main+fp/hard\libnosys.a
END GROUP
START GROUP
LOAD C:/ST/STM32CubeIDE_2.0.0/STM32CubeIDE/plugins/com.st.stm32cube.ide.mcu.externaltools.gnu-tools-for-stm32.14.3.rel1.win32_1.0.100.202602081740/tools/bin/../lib/gcc/arm-none-eabi/14.3.1/thumb/v8-m.main+fp/hard\libgcc.a
LOAD C:/ST/STM32CubeIDE_2.0.0/STM32CubeIDE/plugins/com.st.stm32cube.ide.mcu.externaltools.gnu-tools-for-stm32.14.3.rel1.win32_1.0.100.202602081740/tools/bin/../lib/gcc/arm-none-eabi/14.3.1/../../../../arm-none-eabi/lib/thumb/v8-m.main+fp/hard\libc_nano.a
LOAD C:/ST/STM32CubeIDE_2.0.0/STM32CubeIDE/plugins/com.st.stm32cube.ide.mcu.externaltools.gnu-tools-for-stm32.14.3.rel1.win32_1.0.100.202602081740/tools/bin/../lib/gcc/arm-none-eabi/14.3.1/../../../../arm-none-eabi/lib/thumb/v8-m.main+fp/hard\libnosys.a
END GROUP
LOAD C:/ST/STM32CubeIDE_2.0.0/STM32CubeIDE/plugins/com.st.stm32cube.ide.mcu.externaltools.gnu-tools-for-stm32.14.3.rel1.win32_1.0.100.202602081740/tools/bin/../lib/gcc/arm-none-eabi/14.3.1/thumb/v8-m.main+fp/hard/crtend.o
LOAD C:/ST/STM32CubeIDE_2.0.0/STM32CubeIDE/plugins/com.st.stm32cube.ide.mcu.externaltools.gnu-tools-for-stm32.14.3.rel1.win32_1.0.100.202602081740/tools/bin/../lib/gcc/arm-none-eabi/14.3.1/thumb/v8-m.main+fp/hard/crtn.o
                0x200c0000                        _estack = (ORIGIN (RAM) + LENGTH (RAM))
                0x00000200                        _Min_Heap_Size = 0x200
                0x00000400                        _Min_Stack_Size = 0x400

.isr_vector     0x08000000      0x238
 *(.isr_vector)
 .isr_vector    0x08000000      0x238 ./Core/Startup/startup_stm32u575vgtx.o
                0x08000000                g_pfnVectors

.text           0x08000238     0x2800
 *(.text)
 .text          0x08000238       0x40 C:/ST/STM32CubeIDE_2.0.0/STM32CubeIDE/plugins/com.st.stm32cube.ide.mcu.externaltools.gnu-tools-for-stm32.14.3.rel1.win32_1.0.100.202602081740/tools/bin/../lib/gcc/arm-none-eabi/14.3.1/thumb/v8-m.main+fp/hard/crtbegin.o
 *(.text*)
 .text.write_io
                0x08000278       0x26 ./Core/Src/main.o
                0x08000278                write_io
 .text.read_io  0x0800029e       0x22 ./Core/Src/main.o
                0x0800029e                read_io
 .text.main     0x080002c0      0x40c ./Core/Src/main.o
                0x080002c0                main
 .text.SystemClock_Config
                0x080006cc       0xb8 ./Core/Src/main.o
                0x080006cc                SystemClock_Config
 .text.MX_ICACHE_Init
                0x08000784       0x26 ./Core/Src/main.o
 *fill*         0x080007aa        0x2 
 .text.MX_GPIO_Init
                0x080007ac      0x174 ./Core/Src/main.o
 .text.Error_Handler
                0x08000920        0xc ./Core/Src/main.o
                0x08000920                Error_Handler
 .text.HAL_MspInit
                0x0800092c       0x34 ./Core/Src/stm32u5xx_hal_msp.o
                0x0800092c                HAL_MspInit
 .text.NMI_Handler
                0x08000960        0x8 ./Core/Src/stm32u5xx_it.o
                0x08000960                NMI_Handler
 .text.HardFault_Handler
                0x08000968        0x8 ./Core/Src/stm32u5xx_it.o
                0x08000968                HardFault_Handler
 .text.MemManage_Handler
                0x08000970        0x8 ./Core/Src/stm32u5xx_it.o
                0x08000970                MemManage_Handler
 .text.BusFault_Handler
                0x08000978        0x8 ./Core/Src/stm32u5xx_it.o
                0x08000978                BusFault_Handler
 .text.UsageFault_Handler
                0x08000980        0x8 ./Core/Src/stm32u5xx_it.o
                0x08000980                UsageFault_Handler
 .text.SVC_Handler
                0x08000988        0xe ./Core/Src/stm32u5xx_it.o
                0x08000988                SVC_Handler
 .text.DebugMon_Handler
                0x08000996        0xe ./Core/Src/stm32u5xx_it.o
                0x08000996                DebugMon_Handler
 .text.PendSV_Handler
                0x080009a4        0xe ./Core/Src/stm32u5xx_it.o
                0x080009a4                PendSV_Handler
 .text.SysTick_Handler
                0x080009b2        0xc ./Core/Src/stm32u5xx_it.o
                0x080009b2                SysTick_Handler
 *fill*         0x080009be        0x2 
 .text.SystemInit
                0x080009c0       0x70 ./Core/Src/system_stm32u5xx.o
                0x080009c0                SystemInit
 .text.Reset_Handler
                0x08000a30       0x50 ./Core/Startup/startup_stm32u575vgtx.o
                0x08000a30                Reset_Handler
 .text.Default_Handler
                0x08000a80        0x2 ./Core/Startup/startup_stm32u575vgtx.o
                0x08000a80                EXTI2_IRQHandler
                0x08000a80                TIM8_TRG_COM_IRQHandler
                0x08000a80                TIM8_CC_IRQHandler
                0x08000a80                EXTI5_IRQHandler
                0x08000a80                FLASH_S_IRQHandler
                0x08000a80                EXTI13_IRQHandler
                0x08000a80                TIM1_CC_IRQHandler
                0x08000a80                TSC_IRQHandler
                0x08000a80                TAMP_IRQHandler
                0x08000a80                TIM6_IRQHandler
                0x08000a80                EXTI12_IRQHandler
                0x08000a80                CORDIC_IRQHandler
                0x08000a80                EXTI3_IRQHandler
                0x08000a80                LPTIM4_IRQHandler
                0x08000a80                GPDMA1_Channel5_IRQHandler
                0x08000a80                EXTI8_IRQHandler
                0x08000a80                LPTIM2_IRQHandler
                0x08000a80                I2C3_ER_IRQHandler
                0x08000a80                PWR_S3WU_IRQHandler
                0x08000a80                MDF1_FLT2_IRQHandler
                0x08000a80                LPDMA1_Channel3_IRQHandler
                0x08000a80                LPTIM3_IRQHandler
                0x08000a80                EXTI0_IRQHandler
                0x08000a80                I2C2_EV_IRQHandler
                0x08000a80                FPU_IRQHandler
                0x08000a80                GPDMA1_Channel3_IRQHandler
                0x08000a80                GPDMA1_Channel7_IRQHandler
                0x08000a80                MDF1_FLT4_IRQHandler
                0x08000a80                FDCAN1_IT1_IRQHandler
                0x08000a80                RAMCFG_IRQHandler
                0x08000a80                GPDMA1_Channel9_IRQHandler
                0x08000a80                DCACHE1_IRQHandler
                0x08000a80                SPI1_IRQHandler
                0x08000a80                OCTOSPI1_IRQHandler
                0x08000a80                GPDMA1_Channel2_IRQHandler
                0x08000a80                TIM8_UP_IRQHandler
                0x08000a80                RCC_S_IRQHandler
                0x08000a80                OCTOSPI2_IRQHandler
                0x08000a80                SAI2_IRQHandler
                0x08000a80                MDF1_FLT1_IRQHandler
                0x08000a80                ADC1_IRQHandler
                0x08000a80                MDF1_FLT5_IRQHandler
                0x08000a80                EXTI15_IRQHandler
                0x08000a80                TIM17_IRQHandler
                0x08000a80                USART3_IRQHandler
                0x08000a80                RTC_IRQHandler
                0x08000a80                EXTI9_IRQHandler
                0x08000a80                UART5_IRQHandler
                0x08000a80                TIM4_IRQHandler
                0x08000a80                I2C1_EV_IRQHandler
                0x08000a80                GPDMA1_Channel12_IRQHandler
                0x08000a80                GPDMA1_Channel1_IRQHandler
                0x08000a80                TIM16_IRQHandler
                0x08000a80                GPDMA1_Channel15_IRQHandler
                0x08000a80                UART4_IRQHandler
                0x08000a80                SecureFault_Handler
                0x08000a80                TIM3_IRQHandler
                0x08000a80                RCC_IRQHandler
                0x08000a80                TIM1_TRG_COM_IRQHandler
                0x08000a80                Default_Handler
                0x08000a80                GPDMA1_Channel8_IRQHandler
                0x08000a80                FMAC_IRQHandler
                0x08000a80                GPDMA1_Channel11_IRQHandler
                0x08000a80                TIM7_IRQHandler
                0x08000a80                SDMMC1_IRQHandler
                0x08000a80                TIM5_IRQHandler
                0x08000a80                UCPD1_IRQHandler
                0x08000a80                GPDMA1_Channel0_IRQHandler
                0x08000a80                TIM15_IRQHandler
                0x08000a80                I2C3_EV_IRQHandler
                0x08000a80                LPDMA1_Channel0_IRQHandler
                0x08000a80                PVD_PVM_IRQHandler
                0x08000a80                SPI2_IRQHandler
                0x08000a80                LPDMA1_Channel1_IRQHandler
                0x08000a80                EXTI14_IRQHandler
                0x08000a80                EXTI11_IRQHandler
                0x08000a80                CRS_IRQHandler
                0x08000a80                GPDMA1_Channel14_IRQHandler
                0x08000a80                LSECSSD_IRQHandler
                0x08000a80                EXTI4_IRQHandler
                0x08000a80                RTC_S_IRQHandler
                0x08000a80                GPDMA1_Channel13_IRQHandler
                0x08000a80                RNG_IRQHandler
                0x08000a80                COMP_IRQHandler
                0x08000a80                TIM1_UP_IRQHandler
                0x08000a80                ADC4_IRQHandler
                0x08000a80                WWDG_IRQHandler
                0x08000a80                I2C4_EV_IRQHandler
                0x08000a80                ADF1_IRQHandler
                0x08000a80                IWDG_IRQHandler
                0x08000a80                LPUART1_IRQHandler
                0x08000a80                MDF1_FLT0_IRQHandler
                0x08000a80                FDCAN1_IT0_IRQHandler
                0x08000a80                TIM2_IRQHandler
                0x08000a80                GPDMA1_Channel4_IRQHandler
                0x08000a80                EXTI7_IRQHandler
                0x08000a80                DMA2D_IRQHandler
                0x08000a80                TIM1_BRK_IRQHandler
                0x08000a80                EXTI1_IRQHandler
                0x08000a80                SDMMC2_IRQHandler
                0x08000a80                DAC1_IRQHandler
                0x08000a80                GTZC_IRQHandler
                0x08000a80                MDF1_FLT3_IRQHandler
                0x08000a80                USART2_IRQHandler
                0x08000a80                GPDMA1_Channel6_IRQHandler
                0x08000a80                I2C2_ER_IRQHandler
                0x08000a80                TIM8_BRK_IRQHandler
                0x08000a80                FLASH_IRQHandler
                0x08000a80                USART1_IRQHandler
                0x08000a80                EXTI10_IRQHandler
                0x08000a80                OTG_FS_IRQHandler
                0x08000a80                SPI3_IRQHandler
                0x08000a80                LPDMA1_Channel2_IRQHandler
                0x08000a80                I2C1_ER_IRQHandler
                0x08000a80                FMC_IRQHandler
                0x08000a80                EXTI6_IRQHandler
                0x08000a80                LPTIM1_IRQHandler
                0x08000a80                DCMI_PSSI_IRQHandler
                0x08000a80                I2C4_ER_IRQHandler
                0x08000a80                GPDMA1_Channel10_IRQHandler
                0x08000a80                ICACHE_IRQHandler
                0x08000a80                SAI1_IRQHandler
                0x08000a80                HASH_IRQHandler
 *fill*         0x08000a82        0x2 
 .text.HAL_Init
                0x08000a84       0x60 ./Drivers/STM32U5xx_HAL_Driver/Src/stm32u5xx_hal.o
                0x08000a84                HAL_Init
 .text.HAL_InitTick
                0x08000ae4       0xec ./Drivers/STM32U5xx_HAL_Driver/Src/stm32u5xx_hal.o
                0x08000ae4                HAL_InitTick
 .text.HAL_IncTick
                0x08000bd0       0x28 ./Drivers/STM32U5xx_HAL_Driver/Src/stm32u5xx_hal.o
                0x08000bd0                HAL_IncTick
 .text.HAL_GetTick
                0x08000bf8       0x18 ./Drivers/STM32U5xx_HAL_Driver/Src/stm32u5xx_hal.o
                0x08000bf8                HAL_GetTick
 .text.HAL_Delay
                0x08000c10       0x48 ./Drivers/STM32U5xx_HAL_Driver/Src/stm32u5xx_hal.o
                0x08000c10                HAL_Delay
 .text.__NVIC_SetPriorityGrouping
                0x08000c58       0x48 ./Drivers/STM32U5xx_HAL_Driver/Src/stm32u5xx_hal_cortex.o
 .text.__NVIC_GetPriorityGrouping
                0x08000ca0       0x1c ./Drivers/STM32U5xx_HAL_Driver/Src/stm32u5xx_hal_cortex.o
 .text.__NVIC_SetPriority
                0x08000cbc       0x54 ./Drivers/STM32U5xx_HAL_Driver/Src/stm32u5xx_hal_cortex.o
 .text.NVIC_EncodePriority
                0x08000d10       0x66 ./Drivers/STM32U5xx_HAL_Driver/Src/stm32u5xx_hal_cortex.o
 .text.HAL_NVIC_SetPriorityGrouping
                0x08000d76       0x16 ./Drivers/STM32U5xx_HAL_Driver/Src/stm32u5xx_hal_cortex.o
                0x08000d76                HAL_NVIC_SetPriorityGrouping
 .text.HAL_NVIC_SetPriority
                0x08000d8c       0x34 ./Drivers/STM32U5xx_HAL_Driver/Src/stm32u5xx_hal_cortex.o
                0x08000d8c                HAL_NVIC_SetPriority
 .text.HAL_SYSTICK_Config
                0x08000dc0       0x44 ./Drivers/STM32U5xx_HAL_Driver/Src/stm32u5xx_hal_cortex.o
                0x08000dc0                HAL_SYSTICK_Config
 .text.HAL_SYSTICK_CLKSourceConfig
                0x08000e04       0xb0 ./Drivers/STM32U5xx_HAL_Driver/Src/stm32u5xx_hal_cortex.o
                0x08000e04                HAL_SYSTICK_CLKSourceConfig
 .text.HAL_SYSTICK_GetCLKSourceConfig
                0x08000eb4       0x74 ./Drivers/STM32U5xx_HAL_Driver/Src/stm32u5xx_hal_cortex.o
                0x08000eb4                HAL_SYSTICK_GetCLKSourceConfig
 .text.HAL_GPIO_Init
                0x08000f28      0x3c0 ./Drivers/STM32U5xx_HAL_Driver/Src/stm32u5xx_hal_gpio.o
                0x08000f28                HAL_GPIO_Init
 .text.HAL_GPIO_ReadPin
                0x080012e8       0x30 ./Drivers/STM32U5xx_HAL_Driver/Src/stm32u5xx_hal_gpio.o
                0x080012e8                HAL_GPIO_ReadPin
 .text.HAL_GPIO_WritePin
                0x08001318       0x30 ./Drivers/STM32U5xx_HAL_Driver/Src/stm32u5xx_hal_gpio.o
                0x08001318                HAL_GPIO_WritePin
 .text.HAL_ICACHE_ConfigAssociativityMode
                0x08001348       0x40 ./Drivers/STM32U5xx_HAL_Driver/Src/stm32u5xx_hal_icache.o
                0x08001348                HAL_ICACHE_ConfigAssociativityMode
 .text.HAL_ICACHE_Enable
                0x08001388       0x20 ./Drivers/STM32U5xx_HAL_Driver/Src/stm32u5xx_hal_icache.o
                0x08001388                HAL_ICACHE_Enable
 .text.HAL_PWREx_ControlVoltageScaling
                0x080013a8       0xfc ./Drivers/STM32U5xx_HAL_Driver/Src/stm32u5xx_hal_pwr_ex.o
                0x080013a8                HAL_PWREx_ControlVoltageScaling
 .text.HAL_PWREx_GetVoltageRange
                0x080014a4       0x1c ./Drivers/STM32U5xx_HAL_Driver/Src/stm32u5xx_hal_pwr_ex.o
                0x080014a4                HAL_PWREx_GetVoltageRange
 .text.HAL_PWREx_EnableVddUSB
                0x080014c0       0x20 ./Drivers/STM32U5xx_HAL_Driver/Src/stm32u5xx_hal_pwr_ex.o
                0x080014c0                HAL_PWREx_EnableVddUSB
 .text.HAL_RCC_OscConfig
                0x080014e0      0xdb8 ./Drivers/STM32U5xx_HAL_Driver/Src/stm32u5xx_hal_rcc.o
                0x080014e0                HAL_RCC_OscConfig
 .text.HAL_RCC_ClockConfig
                0x08002298      0x3e4 ./Drivers/STM32U5xx_HAL_Driver/Src/stm32u5xx_hal_rcc.o
                0x08002298                HAL_RCC_ClockConfig
 .text.HAL_RCC_GetSysClockFreq
                0x0800267c      0x20c ./Drivers/STM32U5xx_HAL_Driver/Src/stm32u5xx_hal_rcc.o
                0x0800267c                HAL_RCC_GetSysClockFreq
 .text.HAL_RCC_GetHCLKFreq
                0x08002888       0x34 ./Drivers/STM32U5xx_HAL_Driver/Src/stm32u5xx_hal_rcc.o
                0x08002888                HAL_RCC_GetHCLKFreq
 .text.RCC_SetFlashLatencyFromMSIRange
                0x080028bc      0x10c ./Drivers/STM32U5xx_HAL_Driver/Src/stm32u5xx_hal_rcc.o
 .text.memset   0x080029c8       0x10 C:/ST/STM32CubeIDE_2.0.0/STM32CubeIDE/plugins/com.st.stm32cube.ide.mcu.externaltools.gnu-tools-for-stm32.14.3.rel1.win32_1.0.100.202602081740/tools/bin/../lib/gcc/arm-none-eabi/14.3.1/../../../../arm-none-eabi/lib/thumb/v8-m.main+fp/hard\libc_nano.a(libc_a-memset.o)
                0x080029c8                memset
 .text.__libc_init_array
                0x080029d8       0x48 C:/ST/STM32CubeIDE_2.0.0/STM32CubeIDE/plugins/com.st.stm32cube.ide.mcu.externaltools.gnu-tools-for-stm32.14.3.rel1.win32_1.0.100.202602081740/tools/bin/../lib/gcc/arm-none-eabi/14.3.1/../../../../arm-none-eabi/lib/thumb/v8-m.main+fp/hard\libc_nano.a(libc_a-init.o)
                0x080029d8                __libc_init_array
 *(.glue_7)
 .glue_7        0x08002a20        0x0 linker stubs
 *(.glue_7t)
 .glue_7t       0x08002a20        0x0 linker stubs
 *(.eh_frame)
 .eh_frame      0x08002a20        0x0 C:/ST/STM32CubeIDE_2.0.0/STM32CubeIDE/plugins/com.st.stm32cube.ide.mcu.externaltools.gnu-tools-for-stm32.14.3.rel1.win32_1.0.100.202602081740/tools/bin/../lib/gcc/arm-none-eabi/14.3.1/thumb/v8-m.main+fp/hard/crtbegin.o
 *(.init)
 .init          0x08002a20        0x4 C:/ST/STM32CubeIDE_2.0.0/STM32CubeIDE/plugins/com.st.stm32cube.ide.mcu.externaltools.gnu-tools-for-stm32.14.3.rel1.win32_1.0.100.202602081740/tools/bin/../lib/gcc/arm-none-eabi/14.3.1/thumb/v8-m.main+fp/hard/crti.o
                0x08002a20                _init
 .init          0x08002a24        0x8 C:/ST/STM32CubeIDE_2.0.0/STM32CubeIDE/plugins/com.st.stm32cube.ide.mcu.externaltools.gnu-tools-for-stm32.14.3.rel1.win32_1.0.100.202602081740/tools/bin/../lib/gcc/arm-none-eabi/14.3.1/thumb/v8-m.main+fp/hard/crtn.o
 *(.fini)
 .fini          0x08002a2c        0x4 C:/ST/STM32CubeIDE_2.0.0/STM32CubeIDE/plugins/com.st.stm32cube.ide.mcu.externaltools.gnu-tools-for-stm32.14.3.rel1.win32_1.0.100.202602081740/tools/bin/../lib/gcc/arm-none-eabi/14.3.1/thumb/v8-m.main+fp/hard/crti.o
                0x08002a2c                _fini
 .fini          0x08002a30        0x8 C:/ST/STM32CubeIDE_2.0.0/STM32CubeIDE/plugins/com.st.stm32cube.ide.mcu.externaltools.gnu-tools-for-stm32.14.3.rel1.win32_1.0.100.202602081740/tools/bin/../lib/gcc/arm-none-eabi/14.3.1/thumb/v8-m.main+fp/hard/crtn.o
                0x08002a38                        _etext = .

.vfp11_veneer   0x08002a38        0x0
 .vfp11_veneer  0x08002a38        0x0 linker stubs

.v4_bx          0x08002a38        0x0
 .v4_bx         0x08002a38        0x0 linker stubs

.iplt           0x08002a38        0x0
 .iplt          0x08002a38        0x0 C:/ST/STM32CubeIDE_2.0.0/STM32CubeIDE/plugins/com.st.stm32cube.ide.mcu.externaltools.gnu-tools-for-stm32.14.3.rel1.win32_1.0.100.202602081740/tools/bin/../lib/gcc/arm-none-eabi/14.3.1/thumb/v8-m.main+fp/hard/crtbegin.o

.rodata         0x08002a38      0x100
 *(.rodata)
 .rodata        0x08002a38       0x30 ./Core/Src/main.o
 *(.rodata*)
 .rodata.AHBPrescTable
                0x08002a68       0x10 ./Core/Src/system_stm32u5xx.o
                0x08002a68                AHBPrescTable
 .rodata.MSIRangeTable
                0x08002a78       0x40 ./Core/Src/system_stm32u5xx.o
                0x08002a78                MSIRangeTable
 .rodata.LPGPIO_Map
                0x08002ab8       0x80 ./Drivers/STM32U5xx_HAL_Driver/Src/stm32u5xx_hal_gpio.o

.ARM.extab
 *(.ARM.extab* .gnu.linkonce.armextab.*)

.ARM            0x08002b38        0x0
                0x08002b38                        __exidx_start = .
 *(.ARM.exidx*)
                0x08002b38                        __exidx_end = .

.preinit_array  0x08002b38        0x0
                0x08002b38                        PROVIDE (__preinit_array_start = .)
 *(.preinit_array*)
                0x08002b38                        PROVIDE (__preinit_array_end = .)

.init_array     0x08002b38        0x4
                0x08002b38                        PROVIDE (__init_array_start = .)
 *(SORT_BY_NAME(.init_array.*))
 *(.init_array*)
 .init_array    0x08002b38        0x4 C:/ST/STM32CubeIDE_2.0.0/STM32CubeIDE/plugins/com.st.stm32cube.ide.mcu.externaltools.gnu-tools-for-stm32.14.3.rel1.win32_1.0.100.202602081740/tools/bin/../lib/gcc/arm-none-eabi/14.3.1/thumb/v8-m.main+fp/hard/crtbegin.o
                0x08002b3c                        PROVIDE (__init_array_end = .)

.fini_array     0x08002b3c        0x4
                [!provide]                        PROVIDE (__fini_array_start = .)
 *(SORT_BY_NAME(.fini_array.*))
 *(.fini_array*)
 .fini_array    0x08002b3c        0x4 C:/ST/STM32CubeIDE_2.0.0/STM32CubeIDE/plugins/com.st.stm32cube.ide.mcu.externaltools.gnu-tools-for-stm32.14.3.rel1.win32_1.0.100.202602081740/tools/bin/../lib/gcc/arm-none-eabi/14.3.1/thumb/v8-m.main+fp/hard/crtbegin.o
                [!provide]                        PROVIDE (__fini_array_end = .)
                0x08002b40                        _sidata = LOADADDR (.data)

.rel.dyn        0x08002b40        0x0
 .rel.iplt      0x08002b40        0x0 C:/ST/STM32CubeIDE_2.0.0/STM32CubeIDE/plugins/com.st.stm32cube.ide.mcu.externaltools.gnu-tools-for-stm32.14.3.rel1.win32_1.0.100.202602081740/tools/bin/../lib/gcc/arm-none-eabi/14.3.1/thumb/v8-m.main+fp/hard/crtbegin.o

.data           0x20000000        0x9 load address 0x08002b40
                0x20000000                        _sdata = .
 *(.data)
 *(.data*)
 .data.SystemCoreClock
                0x20000000        0x4 ./Core/Src/system_stm32u5xx.o
                0x20000000                SystemCoreClock
 .data.uwTickPrio
                0x20000004        0x4 ./Drivers/STM32U5xx_HAL_Driver/Src/stm32u5xx_hal.o
                0x20000004                uwTickPrio
 .data.uwTickFreq
                0x20000008        0x1 ./Drivers/STM32U5xx_HAL_Driver/Src/stm32u5xx_hal.o
                0x20000008                uwTickFreq
 *(.RamFunc)
 *(.RamFunc*)
                0x20000009                        _edata = .

.igot.plt       0x2000000c        0x0 load address 0x08002b49
 .igot.plt      0x2000000c        0x0 C:/ST/STM32CubeIDE_2.0.0/STM32CubeIDE/plugins/com.st.stm32cube.ide.mcu.externaltools.gnu-tools-for-stm32.14.3.rel1.win32_1.0.100.202602081740/tools/bin/../lib/gcc/arm-none-eabi/14.3.1/thumb/v8-m.main+fp/hard/crtbegin.o

.bss            0x2000000c       0x2c load address 0x08002b49
                0x2000000c                        _sbss = .
                0x2000000c                        __bss_start__ = _sbss
 *(.bss)
 .bss           0x2000000c       0x1c C:/ST/STM32CubeIDE_2.0.0/STM32CubeIDE/plugins/com.st.stm32cube.ide.mcu.externaltools.gnu-tools-for-stm32.14.3.rel1.win32_1.0.100.202602081740/tools/bin/../lib/gcc/arm-none-eabi/14.3.1/thumb/v8-m.main+fp/hard/crtbegin.o
 *(.bss*)
 .bss.esp_on    0x20000028        0x1 ./Core/Src/main.o
                0x20000028                esp_on
 *fill*         0x20000029        0x3 
 .bss.esp_on_ticks
                0x2000002c        0x4 ./Core/Src/main.o
                0x2000002c                esp_on_ticks
 .bss.update    0x20000030        0x4 ./Core/Src/main.o
                0x20000030                update
 .bss.uwTick    0x20000034        0x4 ./Drivers/STM32U5xx_HAL_Driver/Src/stm32u5xx_hal.o
                0x20000034                uwTick
 *(COMMON)
                0x20000038                        _ebss = .
                0x20000038                        __bss_end__ = _ebss

._user_heap_stack
                0x20000038      0x600 load address 0x08002b49
                0x20000038                        . = ALIGN (0x8)
                [!provide]                        PROVIDE (end = .)
                0x20000038                        PROVIDE (_end = .)
                0x20000238                        . = (. + _Min_Heap_Size)
 *fill*         0x20000038      0x200 
                0x20000638                        . = (. + _Min_Stack_Size)
 *fill*         0x20000238      0x400 
                0x20000638                        . = ALIGN (0x8)

/DISCARD/
 libc.a(*)
 libm.a(*)
 libgcc.a(*)

.ARM.attributes
                0x00000000       0x36
 *(.ARM.attributes)
 .ARM.attributes
                0x00000000       0x26 C:/ST/STM32CubeIDE_2.0.0/STM32CubeIDE/plugins/com.st.stm32cube.ide.mcu.externaltools.gnu-tools-for-stm32.14.3.rel1.win32_1.0.100.202602081740/tools/bin/../lib/gcc/arm-none-eabi/14.3.1/thumb/v8-m.main+fp/hard/crti.o
 .ARM.attributes
                0x00000026       0x38 C:/ST/STM32CubeIDE_2.0.0/STM32CubeIDE/plugins/com.st.stm32cube.ide.mcu.externaltools.gnu-tools-for-stm32.14.3.rel1.win32_1.0.100.202602081740/tools/bin/../lib/gcc/arm-none-eabi/14.3.1/thumb/v8-m.main+fp/hard/crtbegin.o
 .ARM.attributes
                0x0000005e       0x3a ./Core/Src/main.o
 .ARM.attributes
                0x00000098       0x3a ./Core/Src/stm32u5xx_hal_msp.o
 .ARM.attributes
                0x000000d2       0x3a ./Core/Src/stm32u5xx_it.o
 .ARM.attributes
                0x0000010c       0x3a ./Core/Src/system_stm32u5xx.o
 .ARM.attributes
                0x00000146       0x24 ./Core/Startup/startup_stm32u575vgtx.o
 .ARM.attributes
                0x0000016a       0x3a ./Drivers/STM32U5xx_HAL_Driver/Src/stm32u5xx_hal.o
 .ARM.attributes
                0x000001a4       0x3a ./Drivers/STM32U5xx_HAL_Driver/Src/stm32u5xx_hal_cortex.o
 .ARM.attributes
                0x000001de       0x3a ./Drivers/STM32U5xx_HAL_Driver/Src/stm32u5xx_hal_gpio.o
 .ARM.attributes
                0x00000218       0x3a ./Drivers/STM32U5xx_HAL_Driver/Src/stm32u5xx_hal_icache.o
 .ARM.attributes
                0x00000252       0x3a ./Drivers/STM32U5xx_HAL_Driver/Src/stm32u5xx_hal_pwr_ex.o
 .ARM.attributes
                0x0000028c       0x3a ./Drivers/STM32U5xx_HAL_Driver/Src/stm32u5xx_hal_rcc.o
 .ARM.attributes
                0x000002c6       0x38 C:/ST/STM32CubeIDE_2.0.0/STM32CubeIDE/plugins/com.st.stm32cube.ide.mcu.externaltools.gnu-tools-for-stm32.14.3.rel1.win32_1.0.100.202602081740/tools/bin/../lib/gcc/arm-none-eabi/14.3.1/../../../../arm-none-eabi/lib/thumb/v8-m.main+fp/hard\libc_nano.a(libc_a-memset.o)
 .ARM.attributes
                0x000002fe       0x38 C:/ST/STM32CubeIDE_2.0.0/STM32CubeIDE/plugins/com.st.stm32cube.ide.mcu.externaltools.gnu-tools-for-stm32.14.3.rel1.win32_1.0.100.202602081740/tools/bin/../lib/gcc/arm-none-eabi/14.3.1/../../../../arm-none-eabi/lib/thumb/v8-m.main+fp/hard\libc_nano.a(libc_a-init.o)
 .ARM.attributes
                0x00000336       0x26 C:/ST/STM32CubeIDE_2.0.0/STM32CubeIDE/plugins/com.st.stm32cube.ide.mcu.externaltools.gnu-tools-for-stm32.14.3.rel1.win32_1.0.100.202602081740/tools/bin/../lib/gcc/arm-none-eabi/14.3.1/thumb/v8-m.main+fp/hard/crtn.o
OUTPUT(Test-Board-Flash-LED-1.elf elf32-littlearm)
LOAD linker stubs
LOAD C:/ST/STM32CubeIDE_2.0.0/STM32CubeIDE/plugins/com.st.stm32cube.ide.mcu.externaltools.gnu-tools-for-stm32.14.3.rel1.win32_1.0.100.202602081740/tools/bin/../lib/gcc/arm-none-eabi/14.3.1/../../../../arm-none-eabi/lib/thumb/v8-m.main+fp/hard\libc.a
LOAD C:/ST/STM32CubeIDE_2.0.0/STM32CubeIDE/plugins/com.st.stm32cube.ide.mcu.externaltools.gnu-tools-for-stm32.14.3.rel1.win32_1.0.100.202602081740/tools/bin/../lib/gcc/arm-none-eabi/14.3.1/../../../../arm-none-eabi/lib/thumb/v8-m.main+fp/hard\libm.a
LOAD C:/ST/STM32CubeIDE_2.0.0/STM32CubeIDE/plugins/com.st.stm32cube.ide.mcu.externaltools.gnu-tools-for-stm32.14.3.rel1.win32_1.0.100.202602081740/tools/bin/../lib/gcc/arm-none-eabi/14.3.1/thumb/v8-m.main+fp/hard\libgcc.a

.debug_info     0x00000000     0x7b53
 .debug_info    0x00000000      0xa47 ./Core/Src/main.o
 .debug_info    0x00000a47     0x1109 ./Core/Src/stm32u5xx_hal_msp.o
 .debug_info    0x00001b50      0x128 ./Core/Src/stm32u5xx_it.o
 .debug_info    0x00001c78      0x929 ./Core/Src/system_stm32u5xx.o
 .debug_info    0x000025a1       0x30 ./Core/Startup/startup_stm32u575vgtx.o
 .debug_info    0x000025d1     0x11ec ./Drivers/STM32U5xx_HAL_Driver/Src/stm32u5xx_hal.o
 .debug_info    0x000037bd     0x1639 ./Drivers/STM32U5xx_HAL_Driver/Src/stm32u5xx_hal_cortex.o
 .debug_info    0x00004df6      0x859 ./Drivers/STM32U5xx_HAL_Driver/Src/stm32u5xx_hal_gpio.o
 .debug_info    0x0000564f      0x4d6 ./Drivers/STM32U5xx_HAL_Driver/Src/stm32u5xx_hal_icache.o
 .debug_info    0x00005b25      0xe3e ./Drivers/STM32U5xx_HAL_Driver/Src/stm32u5xx_hal_pwr_ex.o
 .debug_info    0x00006963     0x11f0 ./Drivers/STM32U5xx_HAL_Driver/Src/stm32u5xx_hal_rcc.o

.debug_abbrev   0x00000000     0x15d6
 .debug_abbrev  0x00000000      0x2d5 ./Core/Src/main.o
 .debug_abbrev  0x000002d5      0x213 ./Core/Src/stm32u5xx_hal_msp.o
 .debug_abbrev  0x000004e8       0x73 ./Core/Src/stm32u5xx_it.o
 .debug_abbrev  0x0000055b      0x129 ./Core/Src/system_stm32u5xx.o
 .debug_abbrev  0x00000684       0x24 ./Core/Startup/startup_stm32u575vgtx.o
 .debug_abbrev  0x000006a8      0x2a5 ./Drivers/STM32U5xx_HAL_Driver/Src/stm32u5xx_hal.o
 .debug_abbrev  0x0000094d      0x327 ./Drivers/STM32U5xx_HAL_Driver/Src/stm32u5xx_hal_cortex.o
 .debug_abbrev  0x00000c74      0x25a ./Drivers/STM32U5xx_HAL_Driver/Src/stm32u5xx_hal_gpio.o
 .debug_abbrev  0x00000ece      0x228 ./Drivers/STM32U5xx_HAL_Driver/Src/stm32u5xx_hal_icache.o
 .debug_abbrev  0x000010f6      0x215 ./Drivers/STM32U5xx_HAL_Driver/Src/stm32u5xx_hal_pwr_ex.o
 .debug_abbrev  0x0000130b      0x2cb ./Drivers/STM32U5xx_HAL_Driver/Src/stm32u5xx_hal_rcc.o

.debug_aranges  0x00000000      0x780
 .debug_aranges
                0x00000000       0x50 ./Core/Src/main.o
 .debug_aranges
                0x00000050       0x30 ./Core/Src/stm32u5xx_hal_msp.o
 .debug_aranges
                0x00000080       0x60 ./Core/Src/stm32u5xx_it.o
 .debug_aranges
                0x000000e0       0x28 ./Core/Src/system_stm32u5xx.o
 .debug_aranges
                0x00000108       0x28 ./Core/Startup/startup_stm32u575vgtx.o
 .debug_aranges
                0x00000130      0x148 ./Drivers/STM32U5xx_HAL_Driver/Src/stm32u5xx_hal.o
 .debug_aranges
                0x00000278      0x140 ./Drivers/STM32U5xx_HAL_Driver/Src/stm32u5xx_hal_cortex.o
 .debug_aranges
                0x000003b8       0x78 ./Drivers/STM32U5xx_HAL_Driver/Src/stm32u5xx_hal_gpio.o
 .debug_aranges
                0x00000430       0xa8 ./Drivers/STM32U5xx_HAL_Driver/Src/stm32u5xx_hal_icache.o
 .debug_aranges
                0x000004d8      0x200 ./Drivers/STM32U5xx_HAL_Driver/Src/stm32u5xx_hal_pwr_ex.o
 .debug_aranges
                0x000006d8       0xa8 ./Drivers/STM32U5xx_HAL_Driver/Src/stm32u5xx_hal_rcc.o

.debug_rnglists
                0x00000000      0x588
 .debug_rnglists
                0x00000000       0x3a ./Core/Src/main.o
 .debug_rnglists
                0x0000003a       0x20 ./Core/Src/stm32u5xx_hal_msp.o
 .debug_rnglists
                0x0000005a       0x43 ./Core/Src/stm32u5xx_it.o
 .debug_rnglists
                0x0000009d       0x1a ./Core/Src/system_stm32u5xx.o
 .debug_rnglists
                0x000000b7       0x19 ./Core/Startup/startup_stm32u575vgtx.o
 .debug_rnglists
                0x000000d0       0xf3 ./Drivers/STM32U5xx_HAL_Driver/Src/stm32u5xx_hal.o
 .debug_rnglists
                0x000001c3       0xec ./Drivers/STM32U5xx_HAL_Driver/Src/stm32u5xx_hal_cortex.o
 .debug_rnglists
                0x000002af       0x5a ./Drivers/STM32U5xx_HAL_Driver/Src/stm32u5xx_hal_gpio.o
 .debug_rnglists
                0x00000309       0x7a ./Drivers/STM32U5xx_HAL_Driver/Src/stm32u5xx_hal_icache.o
 .debug_rnglists
                0x00000383      0x186 ./Drivers/STM32U5xx_HAL_Driver/Src/stm32u5xx_hal_pwr_ex.o
 .debug_rnglists
                0x00000509       0x7f ./Drivers/STM32U5xx_HAL_Driver/Src/stm32u5xx_hal_rcc.o

.debug_macro    0x00000000    0x2fdf9
 .debug_macro   0x00000000      0x2b6 ./Core/Src/main.o
 .debug_macro   0x000002b6      0xae4 ./Core/Src/main.o
 .debug_macro   0x00000d9a      0x1fb ./Core/Src/main.o
 .debug_macro   0x00000f95       0x2e ./Core/Src/main.o
 .debug_macro   0x00000fc3       0x42 ./Core/Src/main.o
 .debug_macro   0x00001005       0x22 ./Core/Src/main.o
 .debug_macro   0x00001027       0x8e ./Core/Src/main.o
 .debug_macro   0x000010b5       0x51 ./Core/Src/main.o
 .debug_macro   0x00001106      0x103 ./Core/Src/main.o
 .debug_macro   0x00001209       0x6a ./Core/Src/main.o
 .debug_macro   0x00001273      0x1df ./Core/Src/main.o
 .debug_macro   0x00001452       0x1c ./Core/Src/main.o
 .debug_macro   0x0000146e       0x29 ./Core/Src/main.o
 .debug_macro   0x00001497       0xfb ./Core/Src/main.o
 .debug_macro   0x00001592     0x1685 ./Core/Src/main.o
 .debug_macro   0x00002c17       0x5e ./Core/Src/main.o
 .debug_macro   0x00002c75    0x227a9 ./Core/Src/main.o
 .debug_macro   0x0002541e       0x6d ./Core/Src/main.o
 .debug_macro   0x0002548b     0x393e ./Core/Src/main.o
 .debug_macro   0x00028dc9      0x190 ./Core/Src/main.o
 .debug_macro   0x00028f59       0x61 ./Core/Src/main.o
 .debug_macro   0x00028fba       0x2a ./Core/Src/main.o
 .debug_macro   0x00028fe4       0x43 ./Core/Src/main.o
 .debug_macro   0x00029027       0x34 ./Core/Src/main.o
 .debug_macro   0x0002905b      0x364 ./Core/Src/main.o
 .debug_macro   0x000293bf       0x16 ./Core/Src/main.o
 .debug_macro   0x000293d5       0x4a ./Core/Src/main.o
 .debug_macro   0x0002941f       0x34 ./Core/Src/main.o
 .debug_macro   0x00029453       0x10 ./Core/Src/main.o
 .debug_macro   0x00029463       0x58 ./Core/Src/main.o
 .debug_macro   0x000294bb       0x8e ./Core/Src/main.o
 .debug_macro   0x00029549       0x1c ./Core/Src/main.o
 .debug_macro   0x00029565      0x17e ./Core/Src/main.o
 .debug_macro   0x000296e3      0x19b ./Core/Src/main.o
 .debug_macro   0x0002987e       0x5d ./Core/Src/main.o
 .debug_macro   0x000298db     0x1ae5 ./Core/Src/main.o
 .debug_macro   0x0002b3c0      0x7dc ./Core/Src/main.o
 .debug_macro   0x0002bb9c      0x166 ./Core/Src/main.o
 .debug_macro   0x0002bd02      0x2aa ./Core/Src/main.o
 .debug_macro   0x0002bfac       0xc9 ./Core/Src/main.o
 .debug_macro   0x0002c075      0x5a5 ./Core/Src/main.o
 .debug_macro   0x0002c61a      0x439 ./Core/Src/main.o
 .debug_macro   0x0002ca53       0xd6 ./Core/Src/main.o
 .debug_macro   0x0002cb29      0x1cd ./Core/Src/main.o
 .debug_macro   0x0002ccf6      0x432 ./Core/Src/main.o
 .debug_macro   0x0002d128       0x95 ./Core/Src/main.o
 .debug_macro   0x0002d1bd      0x11c ./Core/Src/main.o
 .debug_macro   0x0002d2d9      0x23a ./Core/Src/main.o
 .debug_macro   0x0002d513      0x123 ./Core/Src/main.o
 .debug_macro   0x0002d636       0xa5 ./Core/Src/main.o
 .debug_macro   0x0002d6db      0x525 ./Core/Src/main.o
 .debug_macro   0x0002dc00      0x4bf ./Core/Src/main.o
 .debug_macro   0x0002e0bf      0x1c0 ./Core/Src/main.o
 .debug_macro   0x0002e27f      0x361 ./Core/Src/main.o
 .debug_macro   0x0002e5e0       0x64 ./Core/Src/main.o
 .debug_macro   0x0002e644       0x22 ./Core/Src/main.o
 .debug_macro   0x0002e666      0x277 ./Core/Src/stm32u5xx_hal_msp.o
 .debug_macro   0x0002e8dd      0x281 ./Core/Src/stm32u5xx_it.o
 .debug_macro   0x0002eb5e      0x26f ./Core/Src/system_stm32u5xx.o
 .debug_macro   0x0002edcd      0x28c ./Drivers/STM32U5xx_HAL_Driver/Src/stm32u5xx_hal.o
 .debug_macro   0x0002f059      0x268 ./Drivers/STM32U5xx_HAL_Driver/Src/stm32u5xx_hal_cortex.o
 .debug_macro   0x0002f2c1      0x29d ./Drivers/STM32U5xx_HAL_Driver/Src/stm32u5xx_hal_gpio.o
 .debug_macro   0x0002f55e      0x29a ./Drivers/STM32U5xx_HAL_Driver/Src/stm32u5xx_hal_icache.o
 .debug_macro   0x0002f7f8      0x293 ./Drivers/STM32U5xx_HAL_Driver/Src/stm32u5xx_hal_pwr_ex.o
 .debug_macro   0x0002fa8b      0x36e ./Drivers/STM32U5xx_HAL_Driver/Src/stm32u5xx_hal_rcc.o

.debug_line     0x00000000     0x84f8
 .debug_line    0x00000000      0xb20 ./Core/Src/main.o
 .debug_line    0x00000b20      0x8cc ./Core/Src/stm32u5xx_hal_msp.o
 .debug_line    0x000013ec      0x915 ./Core/Src/stm32u5xx_it.o
 .debug_line    0x00001d01      0x96a ./Core/Src/system_stm32u5xx.o
 .debug_line    0x0000266b       0x79 ./Core/Startup/startup_stm32u575vgtx.o
 .debug_line    0x000026e4      0xd0f ./Drivers/STM32U5xx_HAL_Driver/Src/stm32u5xx_hal.o
 .debug_line    0x000033f3      0xeb9 ./Drivers/STM32U5xx_HAL_Driver/Src/stm32u5xx_hal_cortex.o
 .debug_line    0x000042ac      0xe18 ./Drivers/STM32U5xx_HAL_Driver/Src/stm32u5xx_hal_gpio.o
 .debug_line    0x000050c4      0xb59 ./Drivers/STM32U5xx_HAL_Driver/Src/stm32u5xx_hal_icache.o
 .debug_line    0x00005c1d     0x11e4 ./Drivers/STM32U5xx_HAL_Driver/Src/stm32u5xx_hal_pwr_ex.o
 .debug_line    0x00006e01     0x16f7 ./Drivers/STM32U5xx_HAL_Driver/Src/stm32u5xx_hal_rcc.o

.debug_str      0x00000000   0x12dea0
 .debug_str     0x00000000   0x12dea0 ./Core/Src/main.o
                             0x12a6b6 (size before relaxing)
 .debug_str     0x0012dea0   0x12ac85 ./Core/Src/stm32u5xx_hal_msp.o
 .debug_str     0x0012dea0   0x12a035 ./Core/Src/stm32u5xx_it.o
 .debug_str     0x0012dea0   0x12a22f ./Core/Src/system_stm32u5xx.o
 .debug_str     0x0012dea0       0x8a ./Core/Startup/startup_stm32u575vgtx.o
 .debug_str     0x0012dea0   0x12b0a5 ./Drivers/STM32U5xx_HAL_Driver/Src/stm32u5xx_hal.o
 .debug_str     0x0012dea0   0x12ae74 ./Drivers/STM32U5xx_HAL_Driver/Src/stm32u5xx_hal_cortex.o
 .debug_str     0x0012dea0   0x12a254 ./Drivers/STM32U5xx_HAL_Driver/Src/stm32u5xx_hal_gpio.o
 .debug_str     0x0012dea0   0x12a551 ./Drivers/STM32U5xx_HAL_Driver/Src/stm32u5xx_hal_icache.o
 .debug_str     0x0012dea0   0x12a96f ./Drivers/STM32U5xx_HAL_Driver/Src/stm32u5xx_hal_pwr_ex.o
 .debug_str     0x0012dea0   0x12b924 ./Drivers/STM32U5xx_HAL_Driver/Src/stm32u5xx_hal_rcc.o

.comment        0x00000000       0x43
 .comment       0x00000000       0x43 ./Core/Src/main.o
                                 0x44 (size before relaxing)
 .comment       0x00000043       0x44 ./Core/Src/stm32u5xx_hal_msp.o
 .comment       0x00000043       0x44 ./Core/Src/stm32u5xx_it.o
 .comment       0x00000043       0x44 ./Core/Src/system_stm32u5xx.o
 .comment       0x00000043       0x44 ./Drivers/STM32U5xx_HAL_Driver/Src/stm32u5xx_hal.o
 .comment       0x00000043       0x44 ./Drivers/STM32U5xx_HAL_Driver/Src/stm32u5xx_hal_cortex.o
 .comment       0x00000043       0x44 ./Drivers/STM32U5xx_HAL_Driver/Src/stm32u5xx_hal_gpio.o
 .comment       0x00000043       0x44 ./Drivers/STM32U5xx_HAL_Driver/Src/stm32u5xx_hal_icache.o
 .comment       0x00000043       0x44 ./Drivers/STM32U5xx_HAL_Driver/Src/stm32u5xx_hal_pwr_ex.o
 .comment       0x00000043       0x44 ./Drivers/STM32U5xx_HAL_Driver/Src/stm32u5xx_hal_rcc.o

.debug_frame    0x00000000     0x1a80
 .debug_frame   0x00000000       0xf8 ./Core/Src/main.o
 .debug_frame   0x000000f8       0x80 ./Core/Src/stm32u5xx_hal_msp.o
 .debug_frame   0x00000178       0xf8 ./Core/Src/stm32u5xx_it.o
 .debug_frame   0x00000270       0x50 ./Core/Src/system_stm32u5xx.o
 .debug_frame   0x000002c0      0x480 ./Drivers/STM32U5xx_HAL_Driver/Src/stm32u5xx_hal.o
 .debug_frame   0x00000740      0x508 ./Drivers/STM32U5xx_HAL_Driver/Src/stm32u5xx_hal_cortex.o
 .debug_frame   0x00000c48      0x1c0 ./Drivers/STM32U5xx_HAL_Driver/Src/stm32u5xx_hal_gpio.o
 .debug_frame   0x00000e08      0x260 ./Drivers/STM32U5xx_HAL_Driver/Src/stm32u5xx_hal_icache.o
 .debug_frame   0x00001068      0x764 ./Drivers/STM32U5xx_HAL_Driver/Src/stm32u5xx_hal_pwr_ex.o
 .debug_frame   0x000017cc      0x268 ./Drivers/STM32U5xx_HAL_Driver/Src/stm32u5xx_hal_rcc.o
 .debug_frame   0x00001a34       0x20 C:/ST/STM32CubeIDE_2.0.0/STM32CubeIDE/plugins/com.st.stm32cube.ide.mcu.externaltools.gnu-tools-for-stm32.14.3.rel1.win32_1.0.100.202602081740/tools/bin/../lib/gcc/arm-none-eabi/14.3.1/../../../../arm-none-eabi/lib/thumb/v8-m.main+fp/hard\libc_nano.a(libc_a-memset.o)
 .debug_frame   0x00001a54       0x2c C:/ST/STM32CubeIDE_2.0.0/STM32CubeIDE/plugins/com.st.stm32cube.ide.mcu.externaltools.gnu-tools-for-stm32.14.3.rel1.win32_1.0.100.202602081740/tools/bin/../lib/gcc/arm-none-eabi/14.3.1/../../../../arm-none-eabi/lib/thumb/v8-m.main+fp/hard\libc_nano.a(libc_a-init.o)

.debug_line_str
                0x00000000       0x6e
 .debug_line_str
                0x00000000       0x6e ./Core/Startup/startup_stm32u575vgtx.o
